// Jest Snapshot v1, https://goo.gl/fbAQLP

exports[`<Posts/> should match snpashot 1`] = `
<div
  class="posts"
>
  <div
    class="post"
  >
    <img
      alt="title1"
      src="img/img1.png"
    />
    <div
      class="post-content"
    >
      <h1
        class="title"
      >
        title1
      </h1>
      <p
        class="description"
      >
        body1
      </p>
    </div>
  </div>
  <div
    class="post"
  >
    <img
      alt="title2"
      src="img/img2.png"
    />
    <div
      class="post-content"
    >
      <h1
        class="title"
      >
        title2
      </h1>
      <p
        class="description"
      >
        body2
      </p>
    </div>
  </div>
  <div
    class="post"
  >
    <img
      alt="title3"
      src="img/img3.png"
    />
    <div
      class="post-content"
    >
      <h1
        class="title"
      >
        title3
      </h1>
      <p
        class="description"
      >
        body3
      </p>
    </div>
  </div>
</div>
`;
